// Jest Snapshot v1, https://goo.gl/fbAQLP

exports[`Avatr should be render as Element 1`] = `
<div class="fect-avatar mini "><img src="http://img.com" draggable="false">
  <!---->
</div>
`;

exports[`Avatr should be render as Element 2`] = `
<div class="fect-avatar medium ">
  <!----><span class="fect-avatar-text ">test</span>
</div>
`;
