// Jest Snapshot v1, https://goo.gl/fbAQLP

exports[`Card should be render as element 1`] = `
<div class="fect-card  ">
  <div class="fect-card-content">
    <!---->
  </div>
</div>
`;

exports[`Card should be support shdow and hoverable 1`] = `
<div class="fect-card hoverable ">
  <div class="fect-card-content">hoverable Card</div>
</div>
<div class="fect-card shadow ">
  <div class="fect-card-content">shadow Card</div>
</div>
<div class="fect-card  ">
  <div class="fect-card-content">hoverable and shadow Card</div>
</div>
`;
