// Jest Snapshot v1, https://goo.gl/fbAQLP

exports[`Dot should be render as element 1`] = `<div class="fect-dot-wrapper "><span class="fect-dot default"></span><span class="fect-dot-ctx"><!----></span></div>`;

exports[`Dot should be support slots 1`] = `<div class="fect-dot-wrapper "><span class="fect-dot success"></span><span class="fect-dot-ctx"><span>success</span></span></div>`;

exports[`Dot should be support types 1`] = `
<div class="fect-dot-wrapper "><span class="fect-dot default"></span><span class="fect-dot-ctx"><!----></span></div>
<div class="fect-dot-wrapper "><span class="fect-dot success"></span><span class="fect-dot-ctx"><!----></span></div>
<div class="fect-dot-wrapper "><span class="fect-dot warning"></span><span class="fect-dot-ctx"><!----></span></div>
<div class="fect-dot-wrapper "><span class="fect-dot error"></span><span class="fect-dot-ctx"><!----></span></div>
`;
