// Jest Snapshot v1, https://goo.gl/fbAQLP

exports[`Switch should be render as element 1`] = `
<label class="fect-switch medium 
          "><input class="fect-switch-checkBox medium" type="checkBox">
  <div class="fect-swtich-slider medium "></div>
</label>
`;

exports[`Switch should be support different sizes 1`] = `
<label class="fect-switch mini 
          "><input class="fect-switch-checkBox mini" type="checkBox">
  <div class="fect-swtich-slider mini "></div>
</label><label class="fect-switch small 
          "><input class="fect-switch-checkBox small" type="checkBox">
  <div class="fect-swtich-slider small "></div>
</label><label class="fect-switch medium 
          "><input class="fect-switch-checkBox medium" type="checkBox">
  <div class="fect-swtich-slider medium "></div>
</label><label class="fect-switch large 
          "><input class="fect-switch-checkBox large" type="checkBox">
  <div class="fect-swtich-slider large "></div>
</label>
`;
