// Jest Snapshot v1, https://goo.gl/fbAQLP

exports[`AvatarGroup shoudle be avatar container and should work 1`] = `
<div class="fect-ava-group ">
  <div class="fect-avatar stacked medium ">
    <!----><span class="fect-avatar-text ">a</span>
  </div>
  <div class="fect-avatar stacked medium ">
    <!----><span class="fect-avatar-text ">b</span>
  </div>
  <div class="fect-avatar stacked medium ">
    <!----><span class="fect-avatar-text ">c</span>
  </div>
  <div class="fect-avatar stacked medium ">
    <!----><span class="fect-avatar-text ">d</span>
  </div><span class="fect-ava-counter">+10</span>
</div>
`;

exports[`AvatarGroup should be render as Element 1`] = `
<div class="fect-ava-group ">
  <!---->
  <!---->
</div>
`;
